Godot Engine v4.6.2.stable.official.71f334935 - https://godotengine.org

WARNING: res://ui/battle_status/resource_counter_card.tscn:4 - ext_resource, invalid UID: uid://bs4xqrg8p8ddu - using text path instead: res://ui/battle_status/resource_counter_card.gd
   at: load (scene/resources/resource_format_text.cpp:500)
   GDScript backtrace (most recent call first):
       [0] navigate (res://app/navigation/PageRouter.gd:19)
       [1] navigate (res://ui/ClientUi.gd:27)
       [2] <anonymous lambda> (res://app/navigation/StoryTransition.gd:22)
WARNING: res://ui/battle_status/special_effect_badge.tscn:4 - ext_resource, invalid UID: uid://bew21ejp4qiut - using text path instead: res://ui/battle_status/special_effect_badge.gd
   at: load (scene/resources/resource_format_text.cpp:500)
   GDScript backtrace (most recent call first):
       [0] navigate (res://app/navigation/PageRouter.gd:19)
       [1] navigate (res://ui/ClientUi.gd:27)
       [2] <anonymous lambda> (res://app/navigation/StoryTransition.gd:22)
WARNING: res://ui/battle_cards/basic_card.tscn:3 - ext_resource, invalid UID: uid://ba4awdleoaxtj - using text path instead: res://ui/battle_cards/battle_card_view.gd
   at: load (scene/resources/resource_format_text.cpp:500)
   GDScript backtrace (most recent call first):
       [0] navigate (res://app/navigation/PageRouter.gd:19)
       [1] navigate (res://ui/ClientUi.gd:27)
       [2] <anonymous lambda> (res://app/navigation/StoryTransition.gd:22)
WARNING: res://scenes/battle/first_move_contest.tscn:4 - ext_resource, invalid UID: uid://dlu1owv2mo08p - using text path instead: res://scenes/battle/FirstMoveContest.gd
   at: load (scene/resources/resource_format_text.cpp:500)
   GDScript backtrace (most recent call first):
       [0] navigate (res://app/navigation/PageRouter.gd:19)
       [1] navigate (res://ui/ClientUi.gd:27)
       [2] <anonymous lambda> (res://app/navigation/StoryTransition.gd:22)
WARNING: res://scenes/battle/round_summary_panel.tscn:3 - ext_resource, invalid UID: uid://kio24nufv3np - using text path instead: res://scenes/battle/round_summary_panel.gd
   at: load (scene/resources/resource_format_text.cpp:500)
   GDScript backtrace (most recent call first):
       [0] navigate (res://app/navigation/PageRouter.gd:19)
       [1] navigate (res://ui/ClientUi.gd:27)
       [2] <anonymous lambda> (res://app/navigation/StoryTransition.gd:22)
WARNING: res://scenes/battle/strategy_selection.tscn:13 - ext_resource, invalid UID: uid://bf8yqtqf2pmcq - using text path instead: res://scenes/battle/StrategySelection.gd
   at: load (scene/resources/resource_format_text.cpp:500)
   GDScript backtrace (most recent call first):
       [0] navigate (res://app/navigation/PageRouter.gd:19)
       [1] navigate (res://ui/ClientUi.gd:27)
       [2] <anonymous lambda> (res://app/navigation/StoryTransition.gd:22)
WARNING: res://scenes/roster/roster_picker.tscn:4 - ext_resource, invalid UID: uid://p7wcj44lk2bg - using text path instead: res://scenes/roster/RosterPicker.gd
   at: load (scene/resources/resource_format_text.cpp:500)
   GDScript backtrace (most recent call first):
       [0] navigate (res://app/navigation/PageRouter.gd:19)
       [1] navigate (res://ui/ClientUi.gd:27)
       [2] <anonymous lambda> (res://app/navigation/StoryTransition.gd:22)
WARNING: res://scenes/roster/roster_picker.tscn:8 - ext_resource, invalid UID: uid://c06dxfqi22d6u - using text path instead: res://ui/navigation/BottomNav.gd
   at: load (scene/resources/resource_format_text.cpp:500)
   GDScript backtrace (most recent call first):
       [0] navigate (res://app/navigation/PageRouter.gd:19)
       [1] navigate (res://ui/ClientUi.gd:27)
       [2] <anonymous lambda> (res://app/navigation/StoryTransition.gd:22)
WARNING: res://scenes/battle/round_summary_panel.tscn:3 - ext_resource, invalid UID: uid://kio24nufv3np - using text path instead: res://scenes/battle/round_summary_panel.gd
   at: load (scene/resources/resource_format_text.cpp:500)
   GDScript backtrace (most recent call first):
       [0] navigate (res://app/navigation/PageRouter.gd:19)
       [1] navigate (res://ui/ClientUi.gd:27)
       [2] <anonymous lambda> (res://app/navigation/StoryTransition.gd:22)
WARNING: res://scenes/battle/strategy_selection.tscn:13 - ext_resource, invalid UID: uid://bf8yqtqf2pmcq - using text path instead: res://scenes/battle/StrategySelection.gd
   at: load (scene/resources/resource_format_text.cpp:500)
   GDScript backtrace (most recent call first):
       [0] navigate (res://app/navigation/PageRouter.gd:19)
       [1] navigate (res://ui/ClientUi.gd:27)
       [2] <anonymous lambda> (res://app/navigation/StoryTransition.gd:22)
WARNING: res://scenes/community/community_vote.tscn:3 - ext_resource, invalid UID: uid://bun2nonru3368 - using text path instead: res://scenes/community/CommunityVote.gd
   at: load (scene/resources/resource_format_text.cpp:500)
   GDScript backtrace (most recent call first):
       [0] navigate (res://app/navigation/PageRouter.gd:19)
       [1] navigate (res://ui/ClientUi.gd:27)
       [2] <anonymous lambda> (res://app/navigation/StoryTransition.gd:22)
WARNING: res://scenes/online/room_page.tscn:15 - ext_resource, invalid UID: uid://c06dxfqi22d6u - using text path instead: res://ui/navigation/BottomNav.gd
   at: load (scene/resources/resource_format_text.cpp:500)
   GDScript backtrace (most recent call first):
       [0] navigate (res://app/navigation/PageRouter.gd:19)
       [1] navigate (res://ui/ClientUi.gd:27)
       [2] <anonymous lambda> (res://app/navigation/StoryTransition.gd:22)
WARNING: res://scenes/online/matchmaking_page.tscn:6 - ext_resource, invalid UID: uid://c06dxfqi22d6u - using text path instead: res://ui/navigation/BottomNav.gd
   at: load (scene/resources/resource_format_text.cpp:500)
   GDScript backtrace (most recent call first):
       [0] navigate (res://app/navigation/PageRouter.gd:19)
       [1] navigate (res://ui/ClientUi.gd:27)
       [2] <anonymous lambda> (res://app/navigation/StoryTransition.gd:22)
WARNING: res://scenes/online/online_room.tscn:5 - ext_resource, invalid UID: uid://b7l1d3hjgnusl - using text path instead: res://scenes/online/OnlineRoom.gd
   at: load (scene/resources/resource_format_text.cpp:500)
   GDScript backtrace (most recent call first):
       [0] navigate (res://app/navigation/PageRouter.gd:19)
       [1] navigate (res://ui/ClientUi.gd:27)
       [2] <anonymous lambda> (res://app/navigation/StoryTransition.gd:22)
WARNING: res://scenes/roster/roster_picker.tscn:4 - ext_resource, invalid UID: uid://p7wcj44lk2bg - using text path instead: res://scenes/roster/RosterPicker.gd
   at: load (scene/resources/resource_format_text.cpp:500)
   GDScript backtrace (most recent call first):
       [0] navigate (res://app/navigation/PageRouter.gd:19)
       [1] navigate (res://ui/ClientUi.gd:27)
       [2] <anonymous lambda> (res://app/navigation/StoryTransition.gd:22)
WARNING: res://scenes/roster/roster_picker.tscn:8 - ext_resource, invalid UID: uid://c06dxfqi22d6u - using text path instead: res://ui/navigation/BottomNav.gd
   at: load (scene/resources/resource_format_text.cpp:500)
   GDScript backtrace (most recent call first):
       [0] navigate (res://app/navigation/PageRouter.gd:19)
       [1] navigate (res://ui/ClientUi.gd:27)
       [2] <anonymous lambda> (res://app/navigation/StoryTransition.gd:22)
STORY_REAL_WINDOW_FLOW_ACCEPTANCE PASS failures=[] screenshots=0
WARNING: ObjectDB instances leaked at exit (run with --verbose for details).
   at: cleanup (core/object/object.cpp:2641)
