Godot Engine v4.6.2.stable.official.71f334935 - https://godotengine.org

WARNING: res://ui/battle_status/resource_counter_card.tscn:4 - ext_resource, invalid UID: uid://bs4xqrg8p8ddu - using text path instead: res://ui/battle_status/resource_counter_card.gd
   at: load (scene/resources/resource_format_text.cpp:500)
   GDScript backtrace (most recent call first):
       [0] _run (res://tests/godot/StoryBattleRealFullAcceptance.gd:28)
WARNING: res://ui/battle_status/special_effect_badge.tscn:4 - ext_resource, invalid UID: uid://bew21ejp4qiut - using text path instead: res://ui/battle_status/special_effect_badge.gd
   at: load (scene/resources/resource_format_text.cpp:500)
   GDScript backtrace (most recent call first):
       [0] _run (res://tests/godot/StoryBattleRealFullAcceptance.gd:28)
WARNING: res://ui/battle_cards/basic_card.tscn:3 - ext_resource, invalid UID: uid://ba4awdleoaxtj - using text path instead: res://ui/battle_cards/battle_card_view.gd
   at: load (scene/resources/resource_format_text.cpp:500)
   GDScript backtrace (most recent call first):
       [0] _run (res://tests/godot/StoryBattleRealFullAcceptance.gd:28)
WARNING: res://scenes/battle/first_move_contest.tscn:4 - ext_resource, invalid UID: uid://dlu1owv2mo08p - using text path instead: res://scenes/battle/FirstMoveContest.gd
   at: load (scene/resources/resource_format_text.cpp:500)
   GDScript backtrace (most recent call first):
       [0] _run (res://tests/godot/StoryBattleRealFullAcceptance.gd:28)
WARNING: res://scenes/battle/round_summary_panel.tscn:3 - ext_resource, invalid UID: uid://kio24nufv3np - using text path instead: res://scenes/battle/round_summary_panel.gd
   at: load (scene/resources/resource_format_text.cpp:500)
   GDScript backtrace (most recent call first):
       [0] _run (res://tests/godot/StoryBattleRealFullAcceptance.gd:28)
WARNING: res://scenes/battle/strategy_selection.tscn:13 - ext_resource, invalid UID: uid://bf8yqtqf2pmcq - using text path instead: res://scenes/battle/StrategySelection.gd
   at: load (scene/resources/resource_format_text.cpp:500)
   GDScript backtrace (most recent call first):
       [0] _run (res://tests/godot/StoryBattleRealFullAcceptance.gd:28)
ERROR: 战斗初始化失败（角色 gojo_satoru_shinjuku vs kechizu_origin_candidate）：story_character_snapshot_invalid
   at: push_error (core/variant/variant_utility.cpp:1024)
   GDScript backtrace (most recent call first):
       [0] _report_boundary_error (res://scenes/battle/FightPresenter.gd:222)
       [1] _start_fixed_battle (res://scenes/battle/FightPresenter.gd:134)
ERROR: strategy_confirm_disabled
   at: push_error (core/variant/variant_utility.cpp:1024)
   GDScript backtrace (most recent call first):
       [0] _fail (res://tests/godot/StoryBattleRealFullAcceptance.gd:225)
       [1] _do_strategy (res://tests/godot/StoryBattleRealFullAcceptance.gd:61)
       [2] _click (res://tests/godot/StoryBattleRealFullAcceptance.gd:199)
STORY_BATTLE_REAL_FULL_ACCEPTANCE FAIL rounds=0 failures=["strategy_confirm_disabled"] errors=0
WARNING: ObjectDB instances leaked at exit (run with --verbose for details).
   at: cleanup (core/object/object.cpp:2641)
ERROR: 1 resources still in use at exit (run with --verbose for details).
   at: clear (core/io/resource.cpp:810)
