Godot Engine v4.6.2.stable.official.71f334935 - https://godotengine.org

WARNING: res://ui/battle_status/resource_counter_card.tscn:4 - ext_resource, invalid UID: uid://bs4xqrg8p8ddu - using text path instead: res://ui/battle_status/resource_counter_card.gd
   at: load (scene/resources/resource_format_text.cpp:500)
   GDScript backtrace (most recent call first):
       [0] _run (res://tests/godot/StoryBattleRealFullAcceptance.gd:30)
WARNING: res://ui/battle_status/special_effect_badge.tscn:4 - ext_resource, invalid UID: uid://bew21ejp4qiut - using text path instead: res://ui/battle_status/special_effect_badge.gd
   at: load (scene/resources/resource_format_text.cpp:500)
   GDScript backtrace (most recent call first):
       [0] _run (res://tests/godot/StoryBattleRealFullAcceptance.gd:30)
WARNING: res://ui/battle_cards/basic_card.tscn:3 - ext_resource, invalid UID: uid://ba4awdleoaxtj - using text path instead: res://ui/battle_cards/battle_card_view.gd
   at: load (scene/resources/resource_format_text.cpp:500)
   GDScript backtrace (most recent call first):
       [0] _run (res://tests/godot/StoryBattleRealFullAcceptance.gd:30)
WARNING: res://scenes/battle/first_move_contest.tscn:4 - ext_resource, invalid UID: uid://dlu1owv2mo08p - using text path instead: res://scenes/battle/FirstMoveContest.gd
   at: load (scene/resources/resource_format_text.cpp:500)
   GDScript backtrace (most recent call first):
       [0] _run (res://tests/godot/StoryBattleRealFullAcceptance.gd:30)
WARNING: res://scenes/battle/round_summary_panel.tscn:3 - ext_resource, invalid UID: uid://kio24nufv3np - using text path instead: res://scenes/battle/round_summary_panel.gd
   at: load (scene/resources/resource_format_text.cpp:500)
   GDScript backtrace (most recent call first):
       [0] _run (res://tests/godot/StoryBattleRealFullAcceptance.gd:30)
WARNING: res://scenes/battle/strategy_selection.tscn:13 - ext_resource, invalid UID: uid://bf8yqtqf2pmcq - using text path instead: res://scenes/battle/StrategySelection.gd
   at: load (scene/resources/resource_format_text.cpp:500)
   GDScript backtrace (most recent call first):
       [0] _run (res://tests/godot/StoryBattleRealFullAcceptance.gd:30)
REAL_DISCARD index=0 dragging=false phase=DISCARD card_position=[P: (60.0, 500.0), S: (248.0, 372.0)] overlay=[P: (420.0, 235.0), S: (830.0, 100.0)]
SCRIPT ERROR: Cannot call method 'get' on a previously freed instance.
   at: _discard_two (res://tests/godot/StoryBattleRealFullAcceptance.gd:104)
   GDScript backtrace (most recent call first):
       [0] _discard_two (res://tests/godot/StoryBattleRealFullAcceptance.gd:104)
STORY_BATTLE_REAL_FULL_ACCEPTANCE PASS rounds=0 failures=[] errors=0
WARNING: ObjectDB instances leaked at exit (run with --verbose for details).
   at: cleanup (core/object/object.cpp:2641)
ERROR: 3 resources still in use at exit (run with --verbose for details).
   at: clear (core/io/resource.cpp:810)
