Godot Engine v4.6.2.stable.official.71f334935 - https://godotengine.org

[PASS] pending result commits exactly once
[PASS] chapter one has four complete local time slots
[PASS] core timeline preserves source wheel boundaries
[PASS] runtime core timeline matches chapter nodes checked=31 errors=
[PASS] wheel snapshot preserves technique and hand tags
WARNING: res://ui/battle_status/resource_counter_card.tscn:4 - ext_resource, invalid UID: uid://bs4xqrg8p8ddu - using text path instead: res://ui/battle_status/resource_counter_card.gd
   at: load (scene/resources/resource_format_text.cpp:500)
   GDScript backtrace (most recent call first):
       [0] _test_scene_contracts (res://tests/godot/StoryFlowAcceptance.gd:109)
       [1] _initialize (res://tests/godot/StoryFlowAcceptance.gd:13)
WARNING: res://ui/battle_status/special_effect_badge.tscn:4 - ext_resource, invalid UID: uid://bew21ejp4qiut - using text path instead: res://ui/battle_status/special_effect_badge.gd
   at: load (scene/resources/resource_format_text.cpp:500)
   GDScript backtrace (most recent call first):
       [0] _test_scene_contracts (res://tests/godot/StoryFlowAcceptance.gd:109)
       [1] _initialize (res://tests/godot/StoryFlowAcceptance.gd:13)
WARNING: res://ui/battle_cards/basic_card.tscn:3 - ext_resource, invalid UID: uid://ba4awdleoaxtj - using text path instead: res://ui/battle_cards/battle_card_view.gd
   at: load (scene/resources/resource_format_text.cpp:500)
   GDScript backtrace (most recent call first):
       [0] _test_scene_contracts (res://tests/godot/StoryFlowAcceptance.gd:109)
       [1] _initialize (res://tests/godot/StoryFlowAcceptance.gd:13)
WARNING: res://scenes/battle/first_move_contest.tscn:4 - ext_resource, invalid UID: uid://dlu1owv2mo08p - using text path instead: res://scenes/battle/FirstMoveContest.gd
   at: load (scene/resources/resource_format_text.cpp:500)
   GDScript backtrace (most recent call first):
       [0] _test_scene_contracts (res://tests/godot/StoryFlowAcceptance.gd:109)
       [1] _initialize (res://tests/godot/StoryFlowAcceptance.gd:13)
WARNING: res://scenes/battle/round_summary_panel.tscn:3 - ext_resource, invalid UID: uid://kio24nufv3np - using text path instead: res://scenes/battle/round_summary_panel.gd
   at: load (scene/resources/resource_format_text.cpp:500)
   GDScript backtrace (most recent call first):
       [0] _test_scene_contracts (res://tests/godot/StoryFlowAcceptance.gd:109)
       [1] _initialize (res://tests/godot/StoryFlowAcceptance.gd:13)
WARNING: res://scenes/battle/strategy_selection.tscn:13 - ext_resource, invalid UID: uid://bf8yqtqf2pmcq - using text path instead: res://scenes/battle/StrategySelection.gd
   at: load (scene/resources/resource_format_text.cpp:500)
   GDScript backtrace (most recent call first):
       [0] _test_scene_contracts (res://tests/godot/StoryFlowAcceptance.gd:109)
       [1] _initialize (res://tests/godot/StoryFlowAcceptance.gd:13)
[PASS] all primary scene contracts
STORY_FLOW_ACCEPTANCE PASS
